// Jest Snapshot v1, https://goo.gl/fbAQLP

exports[`Full end-to-end integration test Should login correctly 1`] = `
<DocumentFragment>
  <div
    class="App"
    style="background-color: white; height: 100vh; min-height: 100vh;"
  >
    <div
      class="makeStyles-root-1"
    >
      <header
        class="MuiPaper-root MuiAppBar-root MuiAppBar-positionStatic MuiAppBar-colorPrimary MuiPaper-elevation0"
      >
        <div
          class="MuiToolbar-root MuiToolbar-regular MuiToolbar-gutters"
          style="display: flex; align-items: center; justify-content: center;"
        >
          <button
            aria-label="menu"
            class="MuiButtonBase-root MuiIconButton-root makeStyles-homeButton-2 MuiIconButton-colorInherit MuiIconButton-edgeStart"
            tabindex="0"
            type="button"
          >
            <span
              class="MuiIconButton-label"
            >
              <svg
                aria-hidden="true"
                class="MuiSvgIcon-root"
                focusable="false"
                viewBox="0 0 24 24"
              >
                <path
                  d="M10 20v-6h4v6h5v-8h3L12 3 2 12h3v8z"
                />
              </svg>
            </span>
            <span
              class="MuiTouchRipple-root"
            />
          </button>
          <p
            class="MuiTypography-root makeStyles-title-3 MuiTypography-body2"
          >
            Climbing Pass Wallet
          </p>
          <button
            class="MuiButtonBase-root MuiButton-root MuiButton-outlined MuiButton-colorInherit MuiButton-outlinedSizeSmall MuiButton-sizeSmall"
            tabindex="0"
            type="button"
          >
            <span
              class="MuiButton-label"
            >
              About
            </span>
            <span
              class="MuiTouchRipple-root"
            />
          </button>
        </div>
      </header>
    </div>
    <div
      class="MuiContainer-root MuiContainer-maxWidthSm"
    >
      <div />
      <div
        style="display: flex; align-items: center; justify-content: center;"
      >
        <br />
        <br />
        <br />
        <br />
        <br />
        <div
          class="MuiCircularProgress-root MuiCircularProgress-colorPrimary MuiCircularProgress-indeterminate"
          role="progressbar"
          style="width: 40px; height: 40px;"
        >
          <svg
            class="MuiCircularProgress-svg"
            viewBox="22 22 44 44"
          >
            <circle
              class="MuiCircularProgress-circle MuiCircularProgress-circleIndeterminate"
              cx="44"
              cy="44"
              fill="none"
              r="20.2"
              stroke-width="3.6"
            />
          </svg>
        </div>
      </div>
      <br />
      <br />
    </div>
  </div>
</DocumentFragment>
`;
