// Jest Snapshot v1, https://goo.gl/fbAQLP

exports[`About Dialog Button renders and performs show dialog action correctly 1`] = `
<DocumentFragment>
  <button
    class="MuiButtonBase-root MuiButton-root MuiButton-outlined MuiButton-colorInherit MuiButton-outlinedSizeSmall MuiButton-sizeSmall"
    tabindex="0"
    type="button"
  >
    <span
      class="MuiButton-label"
    >
      About
    </span>
    <span
      class="MuiTouchRipple-root"
    />
  </button>
</DocumentFragment>
`;
